// Jest Snapshot v1, https://goo.gl/fbAQLP

exports[`App has a valid snapshot 1`] = `
<div
  className="page"
>
  <div
    className="interactions"
  >
    <form
      onSubmit={[Function]}
    >
      <input
        onChange={[Function]}
        type="text"
        value="redux"
      />
      <button>
        Search
      </button>
    </form>
  </div>
  <div
    className="interactions"
  >
    <button
      onClick={[Function]}
      type="button"
    >
      Click to See More
    </button>
  </div>
</div>
`;
